// Jest Snapshot v1, https://goo.gl/fbAQLP

exports[`test suit for link should render Link correctly 1`] = `
.emotion-1 {
  font-family: primary;
  font-weight: ;
  position: relative;
  -webkit-text-decoration: none;
  text-decoration: none;
  display: -webkit-inline-box;
  display: -webkit-inline-flex;
  display: -ms-inline-flexbox;
  display: inline-flex;
  -webkit-transition: 0.35s;
  transition: 0.35s;
  cursor: pointer;
  -webkit-text-decoration: underline;
  text-decoration: underline;
  text-decoration-style: dotted;
  text-decoration-color: #00F;
}

.emotion-0 {
  color: green;
  font-size: 60px;
  font-weight: 700;
  font-family: primary;
}

<a
  className="emotion-1"
  fontFamily="primary"
  fontWeight=""
  href="/nowhere"
  onClick={[Function]}
  onMouseEnter={[Function]}
>
  <span
    className="emotion-0"
    color="green"
    fontFamily="primary"
    fontSize="60px"
    fontWeight={700}
  >
    Nowhere
  </span>
</a>
`;
