// Jest Snapshot v1, https://goo.gl/fbAQLP

exports[`test suit for link should render Link correctly 1`] = `
Array [
  .emotion-1 {
  position: relative;
  display: -webkit-inline-box;
  display: -webkit-inline-flex;
  display: -ms-inline-flexbox;
  display: inline-flex;
}

.emotion-0 {
  color: green;
  font-size: 60px;
  font-weight: 700;
  font-family: primary;
}

<a
    className="emotion-1"
    href="/nowhere"
    onClick={[Function]}
  >
    <span
      className="emotion-0"
      color="green"
      fontFamily="primary"
      fontSize="60px"
      fontWeight={700}
    >
      Nowhere
    </span>
  </a>,
  ",",
]
`;
