// Jest Snapshot v1, https://goo.gl/fbAQLP

exports[`Background should render correctly 1`] = `
.emotion-0 {
  display: -webkit-box;
  display: -webkit-flex;
  display: -ms-flexbox;
  display: flex;
  width: 100%;
  height: 100%;
  background-color: #00f;
  position: fixed;
  background-color: #00f;
  background-size: cover;
  background-repeat: no-repeat;
  background-position: center;
}

<div
  className="emotion-0"
  display="flex"
  height="100%"
  width="100%"
/>
`;
