// Jest Snapshot v1, https://goo.gl/fbAQLP

exports[`Column should render correctly 1`] = `
.emotion-0 {
  width: 100%;
  display: -webkit-box;
  display: -webkit-flex;
  display: -ms-flexbox;
  display: flex;
  -webkit-flex-direction: column;
  -ms-flex-direction: column;
  flex-direction: column;
}

<div
  className="emotion-0"
  display="flex"
  width="100%"
/>
`;
