// Jest Snapshot v1, https://goo.gl/fbAQLP

exports[`Layout should render correctly 1`] = `
.emotion-0 {
  width: 200;
  height: 200;
  display: -webkit-box;
  display: -webkit-flex;
  display: -ms-flexbox;
  display: flex;
}

<div
  className="emotion-0"
  display="flex"
  size="200"
/>
`;
