// Jest Snapshot v1, https://goo.gl/fbAQLP

exports[`should render Text component correctly 1`] = `
.emotion-0 {
  color: red;
  font-family: Courier;
  font-size: 2vh;
  font-weight: normal;
}

<span
  className="emotion-0"
  color="red"
  fontFamily="Courier"
  fontSize="2vh"
  fontWeight="normal"
>
  This is test
</span>
`;
