// Jest Snapshot v1, https://goo.gl/fbAQLP

exports[`IconsManager should render correctly 1`] = `
.emotion-0 {
  cursor: pointer;
  display: -webkit-inline-box;
  display: -webkit-inline-flex;
  display: -ms-inline-flexbox;
  display: inline-flex;
}

<div
  className="emotion-0"
  onMouseDown={[Function]}
  onMouseEnter={[Function]}
  onMouseLeave={[Function]}
  onMouseUp={[Function]}
>
  <h1
    style={
      Object {
        "color": "#f00",
      }
    }
  >
    I can change color
  </h1>
</div>
`;
