// Jest Snapshot v1, https://goo.gl/fbAQLP

exports[`Button should render correctly 1`] = `
.emotion-0 {
  box-sizing: border-box;
  display: -webkit-box;
  display: -webkit-flex;
  display: -ms-flexbox;
  display: flex;
  white-space: nowrap;
  cursor: pointer;
  border: none;
  outline: none;
  padding: 0;
  font-size: inherit;
  font-weight: inherit;
  line-height: inherit;
  font-family: inherit;
  text-align: inherit;
  -webkit-letter-spacing: inherit;
  -moz-letter-spacing: inherit;
  -ms-letter-spacing: inherit;
  letter-spacing: inherit;
  color: inherit;
  border-radius: normal;
  -webkit-box-pack: center;
  -webkit-justify-content: center;
  -ms-flex-pack: center;
  justify-content: center;
  -webkit-align-items: center;
  -webkit-box-align: center;
  -ms-flex-align: center;
  align-items: center;
  background-color: #fff;
}

.emotion-0:hover {
  background-color: #f00;
}

.emotion-0:active {
  -webkit-transform: scale(0.98);
  -ms-transform: scale(0.98);
  transform: scale(0.98);
  background-color: #0f0;
}

<button
  className="emotion-0"
>
  Button
</button>
`;
