// Jest Snapshot v1, https://goo.gl/fbAQLP

exports[`Checkbox should render correctly 1`] = `
.emotion-2 {
  display: -webkit-box;
  display: -webkit-flex;
  display: -ms-flexbox;
  display: flex;
  position: relative;
  padding-left: 23px;
  cursor: pointer;
  -webkit-user-select: none;
  -moz-user-select: none;
  -ms-user-select: none;
  user-select: none;
}

.emotion-2:hover input~div {
  background-color: #ecece3;
}

.emotion-2 input:checked~div {
  background-color: #ecece3;
}

.emotion-2 input:checked~div:after {
  display: block;
}

.emotion-0 {
  position: absolute;
  opacity: 0;
  cursor: pointer;
  height: 0;
  width: 0;
}

.emotion-1 {
  position: absolute;
  top: 0;
  left: 0;
  width: 18px;
  height: 18px;
  box-sizing: border-box;
  border-radius: 5px;
  background-color: #dbdbdb;
}

.emotion-1:after {
  content: "";
  position: absolute;
  display: none;
  left: 6px;
  top: 1px;
  width: 5px;
  height: 10px;
  border: solid white;
  border-width: 0 2px 2px 0;
  -webkit-transform: rotate(45deg);
  -moz-transform: rotate(45deg);
  -ms-transform: rotate(45deg);
  transform: rotate(45deg);
}

<label
  className="emotion-2"
>
  Check this
  <input
    className="emotion-0"
    onChange={[Function]}
    type="checkbox"
  />
  <div
    className="emotion-1"
  />
</label>
`;
