// Jest Snapshot v1, https://goo.gl/fbAQLP

exports[`Textarea should render correctly 1`] = `
.emotion-0 {
  box-sizing: border-box;
  outline: none;
  border: none;
  width: 100%;
  font-family: primary;
  font-weight: medium;
  border: 1px solid black;
  border-radius: extra;
  color: #000;
  background-color: #fff;
  padding: 17px 20px;
  resize: none;
  height: auto;
}

.emotion-0::-webkit-input-placeholder {
  color: #C0C0C0;
}

.emotion-0::-moz-placeholder {
  color: #C0C0C0;
}

.emotion-0:-ms-input-placeholder {
  color: #C0C0C0;
}

.emotion-0::placeholder {
  color: #C0C0C0;
}

<textarea
  className="emotion-0"
  onChange={[Function]}
  placeholder="Placeholder"
  size="normal"
/>
`;
