// Jest Snapshot v1, https://goo.gl/fbAQLP

exports[`Slideshow should render correctly 1`] = `
.emotion-11 {
  display: -webkit-box;
  display: -webkit-flex;
  display: -ms-flexbox;
  display: flex;
  position: relative;
  touch-action: pan-y;
}

.emotion-0 {
  position: absolute;
  -webkit-transition: .5s;
  transition: .5s;
  opacity: 1;
  visibility: visible;
}

.emotion-1 {
  position: absolute;
  -webkit-transition: .5s;
  transition: .5s;
  opacity: 0;
  visibility: hidden;
}

.emotion-3 {
  position: relative;
  visibility: hidden;
  opacity: 0;
}

.emotion-10 {
  display: -webkit-box;
  display: -webkit-flex;
  display: -ms-flexbox;
  display: flex;
  position: absolute;
  -webkit-box-pack: justify;
  -webkit-justify-content: space-between;
  justify-content: space-between;
  bottom: 30px;
  z-index: 3;
  width: 0px;
  left: calc(50% - 0px);
}

.emotion-4 {
  display: -webkit-box;
  display: -webkit-flex;
  display: -ms-flexbox;
  display: flex;
  height: 2px;
  position: absolute;
  background-color: white;
  -webkit-transition: 0.35s;
  transition: 0.35s;
  width: 0%;
}

.emotion-6 {
  display: -webkit-box;
  display: -webkit-flex;
  display: -ms-flexbox;
  display: flex;
  height: 2px;
  position: absolute;
  background-color: white;
  -webkit-transition: 0.35s;
  transition: 0.35s;
  width: 0px%;
}

.emotion-5 {
  box-sizing: border-box;
  height: 2px;
  overflow: hidden;
  display: -webkit-box;
  display: -webkit-flex;
  display: -ms-flexbox;
  display: flex;
  margin-right: 6px;
  background-color: rgba(255, 255, 255, 0.5);
  -webkit-flex-basis: -6px;
  -ms-flex-preferred-size: -6px;
  flex-basis: -6px;
  position: relative;
}

.emotion-9 {
  box-sizing: border-box;
  height: 2px;
  overflow: hidden;
  display: -webkit-box;
  display: -webkit-flex;
  display: -ms-flexbox;
  display: flex;
  margin-right: 0px;
  background-color: rgba(255, 255, 255, 0.5);
  -webkit-flex-basis: -6px;
  -ms-flex-preferred-size: -6px;
  flex-basis: -6px;
  position: relative;
}

<div
  className="emotion-11"
  onMouseEnter={[Function]}
>
  <div
    onMouseDown={[Function]}
  >
    <div
      className="emotion-0"
      opacity={1}
      visibility="visible"
    >
      <h1>
        Slide 1
      </h1>
    </div>
    <div
      className="emotion-1"
      opacity={0}
      visibility="hidden"
    >
      <h1>
        Slide 2
      </h1>
    </div>
    <div
      className="emotion-1"
      opacity={0}
      visibility="hidden"
    >
      <h1>
        Slide 3
      </h1>
    </div>
  </div>
  <div
    className="emotion-3"
  >
    <div />
  </div>
  <div
    className="emotion-10"
  >
    <div
      className="emotion-5"
      display="flex"
      height="2px"
      overflow="hidden"
    >
      <div
        className="emotion-4"
      />
    </div>
    <div
      className="emotion-5"
      display="flex"
      height="2px"
      overflow="hidden"
    >
      <div
        className="emotion-6"
      />
    </div>
    <div
      className="emotion-9"
      display="flex"
      height="2px"
      overflow="hidden"
    >
      <div
        className="emotion-6"
      />
    </div>
  </div>
</div>
`;
