// Jest Snapshot v1, https://goo.gl/fbAQLP

exports[`Modal should render correctly 1`] = `
<Modal
  onClick={[Function]}
  onClose={[Function]}
  opacity="large"
  visible={true}
>
  Something
</Modal>
`;
