// Jest Snapshot v1, https://goo.gl/fbAQLP

exports[`Carousel should render correctly 1`] = `
.emotion-4 {
  width: 100%;
  display: -webkit-box;
  display: -webkit-flex;
  display: -ms-flexbox;
  display: flex;
  position: relative;
}

.emotion-0 {
  position: absolute;
  background: #fff;
  box-sizing: border-box;
  border-radius: 50%;
  box-shadow: 0 0 10px rgba(0,0,0,0.5);
  border: 2px solid black;
  z-index: 9;
  display: -webkit-box;
  display: -webkit-flex;
  display: -ms-flexbox;
  display: flex;
  -webkit-align-items: center;
  -webkit-box-align: center;
  -ms-flex-align: center;
  align-items: center;
  -webkit-box-pack: center;
  -webkit-justify-content: center;
  -ms-flex-pack: center;
  justify-content: center;
  cursor: pointer;
  -webkit-transition: 0.35s;
  transition: 0.35s;
  left: 0;
  top: 100px;
  width: 50px;
  height: 50px;
}

.emotion-0:active {
  -webkit-transform: scale(0.9);
  -ms-transform: scale(0.9);
  transform: scale(0.9);
}

.emotion-2 {
  display: -webkit-box;
  display: -webkit-flex;
  display: -ms-flexbox;
  display: flex;
  overflow: initial;
  max-width: 100%;
}

.emotion-1 {
  position: relative;
  display: -webkit-box;
  display: -webkit-flex;
  display: -ms-flexbox;
  display: flex;
  -webkit-flex-direction: row;
  -ms-flex-direction: row;
  flex-direction: row;
  -webkit-transition: 0.3s;
  transition: 0.3s;
  height: auto;
}

.emotion-1:focus {
  pointer-events: none;
}

.emotion-1:hover {
  cursor: pointer;
}

.emotion-3 {
  position: absolute;
  background: #fff;
  box-sizing: border-box;
  border-radius: 50%;
  box-shadow: 0 0 10px rgba(0,0,0,0.5);
  border: 2px solid black;
  z-index: 9;
  display: -webkit-box;
  display: -webkit-flex;
  display: -ms-flexbox;
  display: flex;
  -webkit-align-items: center;
  -webkit-box-align: center;
  -ms-flex-align: center;
  align-items: center;
  -webkit-box-pack: center;
  -webkit-justify-content: center;
  -ms-flex-pack: center;
  justify-content: center;
  cursor: pointer;
  -webkit-transition: 0.35s;
  transition: 0.35s;
  right: 0;
  top: 100px;
  width: 50px;
  height: 50px;
}

.emotion-3:active {
  -webkit-transform: scale(0.9);
  -ms-transform: scale(0.9);
  transform: scale(0.9);
}

<div
  className="emotion-4"
>
  <div
    className="emotion-0"
    disabled={false}
    height={50}
    onClick={[Function]}
    width={50}
  >
    <svg
      fill="none"
      height={24}
      viewBox="0 0 24 24"
      width={24}
    >
      <mask
        height={16}
        id="ArrowBackwardIcon"
        mask-type="alpha"
        maskUnits="userSpaceOnUse"
        width={16}
        x={4}
        y={4}
      >
        <path
          clipRule="evenodd"
          d="M13.4142 5.41425L12 4L4 12L12 20L13.4142 18.5858L7.81634 13H20V11H7.81635L13.4142 5.41425Z"
          fill="white"
          fillRule="evenodd"
        />
      </mask>
      <g
        mask="url(#ArrowBackwardIcon)"
      >
        <rect
          fill="#999999"
          height={80}
          width={80}
          x={-28}
          y={-28}
        />
      </g>
    </svg>
  </div>
  <div
    className="emotion-2"
  >
    <div
      onMouseDown={[Function]}
    >
      <div
        className="emotion-1"
        style={
          Object {
            "left": 0,
          }
        }
      >
        <h1>
          bigtextbigtextbigtextbigtextbigtextbigtextbigtextbigtextbigtextbigtextbigtextbigtextbigtextbigtextbigtextbigtextbigtextbigtextbigtextbigtextbigtextbigtextbigtextbigtextbigtextbigtextbigtextbigtextbigtextbigtextbigtextbigtextbigtextbigtextbigtextbigtextbigtextbigtextbigtextbigtextbigtextbigtextbigtextbigtextbigtextbigtextbigtextbigtextbigtextbigtextbigtextbigtextbigtextbigtextbigtextbigtextbigtextbigtextbigtextbigtextbigtextbigtextbigtextbigtextbigtextbigtextbigtextbigtextbigtextbigtextbigtextbigtextbigtextbigtextbigtextbigtextbigtextbigtextbigtextbigtextbigtextbigtextbigtextbigtextbigtextbigtextbigtextbigtextbigtextbigtextbigtextbigtextbigtextbigtextbigtextbigtextbigtextbigtextbigtextbigtext
        </h1>
      </div>
    </div>
  </div>
  <div
    className="emotion-3"
    disabled={false}
    height={50}
    onClick={[Function]}
    width={50}
  >
    <svg
      fill="none"
      height={24}
      viewBox="0 0 24 24"
      width={24}
    >
      <mask
        height={16}
        id="ArrowForwardIcon"
        mask-type="alpha"
        maskUnits="userSpaceOnUse"
        width={16}
        x={4}
        y={4}
      >
        <path
          clipRule="evenodd"
          d="M10.5858 5.41425L12 4L20 12L12 20L10.5858 18.5858L16.1837 13H4V11H16.1837L10.5858 5.41425Z"
          fill="white"
          fillRule="evenodd"
        />
      </mask>
      <g
        mask="url(#ArrowForwardIcon)"
      >
        <rect
          fill="#999999"
          height={80}
          width={80}
          x={-28}
          y={-28}
        />
      </g>
    </svg>
  </div>
</div>
`;
